error: index out of bounds: the len is 3 but the index is 4
  --> $DIR/array-literal-index-oob.rs:2:7
   |
LL |     &{[1, 2, 3][4]};
   |       ^^^^^^^^^^^^
   |
   = note: `#[deny(const_err)]` on by default

error: reaching this expression at runtime will panic or abort
  --> $DIR/array-literal-index-oob.rs:2:7
   |
LL |     &{[1, 2, 3][4]};
   |     --^^^^^^^^^^^^-
   |       |
   |       indexing out of bounds: the len is 3 but the index is 4

error: erroneous constant used
  --> $DIR/array-literal-index-oob.rs:2:5
   |
LL |     &{[1, 2, 3][4]};
   |     ^^^^^^^^^^^^^^^ referenced constant has errors

error: aborting due to 3 previous errors

